{"level":"info","message":"Server started on port 5000","timestamp":"2025-10-19T21:06:37.359Z"}
{"level":"error","message":"Cannot set property query of #<IncomingMessage> which has only a getter","method":"GET","stack":"TypeError: Cannot set property query of #<IncomingMessage> which has only a getter\n    at C:\\Users\\nitia\\Desktop\\hms-backend\\node_modules\\express-mongo-sanitize\\index.js:113:18\n    at Array.forEach (<anonymous>)\n    at C:\\Users\\nitia\\Desktop\\hms-backend\\node_modules\\express-mongo-sanitize\\index.js:110:44\n    at Layer.handleRequest (C:\\Users\\nitia\\Desktop\\hms-backend\\node_modules\\router\\lib\\layer.js:152:17)\n    at trimPrefix (C:\\Users\\nitia\\Desktop\\hms-backend\\node_modules\\router\\index.js:342:13)\n    at C:\\Users\\nitia\\Desktop\\hms-backend\\node_modules\\router\\index.js:297:9\n    at processParams (C:\\Users\\nitia\\Desktop\\hms-backend\\node_modules\\router\\index.js:582:12)\n    at next (C:\\Users\\nitia\\Desktop\\hms-backend\\node_modules\\router\\index.js:291:5)\n    at internalNext (C:\\Users\\nitia\\Desktop\\hms-backend\\node_modules\\helmet\\index.cjs:537:6)\n    at xXssProtectionMiddleware (C:\\Users\\nitia\\Desktop\\hms-backend\\node_modules\\helmet\\index.cjs:315:3)","timestamp":"2025-10-19T21:07:16.848Z","url":"/"}
{"level":"error","message":"Cannot set property query of #<IncomingMessage> which has only a getter","method":"GET","stack":"TypeError: Cannot set property query of #<IncomingMessage> which has only a getter\n    at C:\\Users\\nitia\\Desktop\\hms-backend\\node_modules\\express-mongo-sanitize\\index.js:113:18\n    at Array.forEach (<anonymous>)\n    at C:\\Users\\nitia\\Desktop\\hms-backend\\node_modules\\express-mongo-sanitize\\index.js:110:44\n    at Layer.handleRequest (C:\\Users\\nitia\\Desktop\\hms-backend\\node_modules\\router\\lib\\layer.js:152:17)\n    at trimPrefix (C:\\Users\\nitia\\Desktop\\hms-backend\\node_modules\\router\\index.js:342:13)\n    at C:\\Users\\nitia\\Desktop\\hms-backend\\node_modules\\router\\index.js:297:9\n    at processParams (C:\\Users\\nitia\\Desktop\\hms-backend\\node_modules\\router\\index.js:582:12)\n    at next (C:\\Users\\nitia\\Desktop\\hms-backend\\node_modules\\router\\index.js:291:5)\n    at internalNext (C:\\Users\\nitia\\Desktop\\hms-backend\\node_modules\\helmet\\index.cjs:537:6)\n    at xXssProtectionMiddleware (C:\\Users\\nitia\\Desktop\\hms-backend\\node_modules\\helmet\\index.cjs:315:3)","timestamp":"2025-10-19T21:07:16.933Z","url":"/favicon.ico"}
{"level":"info","message":"Server started on port 5000","timestamp":"2025-10-19T21:08:39.758Z"}
{"level":"error","message":"Cannot set property query of #<IncomingMessage> which has only a getter","method":"GET","stack":"TypeError: Cannot set property query of #<IncomingMessage> which has only a getter\n    at C:\\Users\\nitia\\Desktop\\hms-backend\\node_modules\\express-mongo-sanitize\\index.js:113:18\n    at Array.forEach (<anonymous>)\n    at C:\\Users\\nitia\\Desktop\\hms-backend\\node_modules\\express-mongo-sanitize\\index.js:110:44\n    at Layer.handleRequest (C:\\Users\\nitia\\Desktop\\hms-backend\\node_modules\\router\\lib\\layer.js:152:17)\n    at trimPrefix (C:\\Users\\nitia\\Desktop\\hms-backend\\node_modules\\router\\index.js:342:13)\n    at C:\\Users\\nitia\\Desktop\\hms-backend\\node_modules\\router\\index.js:297:9\n    at processParams (C:\\Users\\nitia\\Desktop\\hms-backend\\node_modules\\router\\index.js:582:12)\n    at next (C:\\Users\\nitia\\Desktop\\hms-backend\\node_modules\\router\\index.js:291:5)\n    at internalNext (C:\\Users\\nitia\\Desktop\\hms-backend\\node_modules\\helmet\\index.cjs:537:6)\n    at xXssProtectionMiddleware (C:\\Users\\nitia\\Desktop\\hms-backend\\node_modules\\helmet\\index.cjs:315:3)","timestamp":"2025-10-19T21:09:11.910Z","url":"/"}
{"level":"error","message":"Cannot set property query of #<IncomingMessage> which has only a getter","method":"GET","stack":"TypeError: Cannot set property query of #<IncomingMessage> which has only a getter\n    at C:\\Users\\nitia\\Desktop\\hms-backend\\node_modules\\express-mongo-sanitize\\index.js:113:18\n    at Array.forEach (<anonymous>)\n    at C:\\Users\\nitia\\Desktop\\hms-backend\\node_modules\\express-mongo-sanitize\\index.js:110:44\n    at Layer.handleRequest (C:\\Users\\nitia\\Desktop\\hms-backend\\node_modules\\router\\lib\\layer.js:152:17)\n    at trimPrefix (C:\\Users\\nitia\\Desktop\\hms-backend\\node_modules\\router\\index.js:342:13)\n    at C:\\Users\\nitia\\Desktop\\hms-backend\\node_modules\\router\\index.js:297:9\n    at processParams (C:\\Users\\nitia\\Desktop\\hms-backend\\node_modules\\router\\index.js:582:12)\n    at next (C:\\Users\\nitia\\Desktop\\hms-backend\\node_modules\\router\\index.js:291:5)\n    at internalNext (C:\\Users\\nitia\\Desktop\\hms-backend\\node_modules\\helmet\\index.cjs:537:6)\n    at xXssProtectionMiddleware (C:\\Users\\nitia\\Desktop\\hms-backend\\node_modules\\helmet\\index.cjs:315:3)","timestamp":"2025-10-19T21:09:11.951Z","url":"/favicon.ico"}
{"level":"error","message":"Cannot set property query of #<IncomingMessage> which has only a getter","method":"GET","stack":"TypeError: Cannot set property query of #<IncomingMessage> which has only a getter\n    at C:\\Users\\nitia\\Desktop\\hms-backend\\node_modules\\express-mongo-sanitize\\index.js:113:18\n    at Array.forEach (<anonymous>)\n    at C:\\Users\\nitia\\Desktop\\hms-backend\\node_modules\\express-mongo-sanitize\\index.js:110:44\n    at Layer.handleRequest (C:\\Users\\nitia\\Desktop\\hms-backend\\node_modules\\router\\lib\\layer.js:152:17)\n    at trimPrefix (C:\\Users\\nitia\\Desktop\\hms-backend\\node_modules\\router\\index.js:342:13)\n    at C:\\Users\\nitia\\Desktop\\hms-backend\\node_modules\\router\\index.js:297:9\n    at processParams (C:\\Users\\nitia\\Desktop\\hms-backend\\node_modules\\router\\index.js:582:12)\n    at next (C:\\Users\\nitia\\Desktop\\hms-backend\\node_modules\\router\\index.js:291:5)\n    at internalNext (C:\\Users\\nitia\\Desktop\\hms-backend\\node_modules\\helmet\\index.cjs:537:6)\n    at xXssProtectionMiddleware (C:\\Users\\nitia\\Desktop\\hms-backend\\node_modules\\helmet\\index.cjs:315:3)","timestamp":"2025-10-19T21:09:53.961Z","url":"/api/health"}
{"level":"error","message":"Cannot set property query of #<IncomingMessage> which has only a getter","method":"GET","stack":"TypeError: Cannot set property query of #<IncomingMessage> which has only a getter\n    at C:\\Users\\nitia\\Desktop\\hms-backend\\node_modules\\express-mongo-sanitize\\index.js:113:18\n    at Array.forEach (<anonymous>)\n    at C:\\Users\\nitia\\Desktop\\hms-backend\\node_modules\\express-mongo-sanitize\\index.js:110:44\n    at Layer.handleRequest (C:\\Users\\nitia\\Desktop\\hms-backend\\node_modules\\router\\lib\\layer.js:152:17)\n    at trimPrefix (C:\\Users\\nitia\\Desktop\\hms-backend\\node_modules\\router\\index.js:342:13)\n    at C:\\Users\\nitia\\Desktop\\hms-backend\\node_modules\\router\\index.js:297:9\n    at processParams (C:\\Users\\nitia\\Desktop\\hms-backend\\node_modules\\router\\index.js:582:12)\n    at next (C:\\Users\\nitia\\Desktop\\hms-backend\\node_modules\\router\\index.js:291:5)\n    at internalNext (C:\\Users\\nitia\\Desktop\\hms-backend\\node_modules\\helmet\\index.cjs:537:6)\n    at xXssProtectionMiddleware (C:\\Users\\nitia\\Desktop\\hms-backend\\node_modules\\helmet\\index.cjs:315:3)","timestamp":"2025-10-19T21:09:53.999Z","url":"/favicon.ico"}
{"level":"info","message":"Server started on port 5000","timestamp":"2025-10-19T21:11:21.750Z"}
{"level":"info","message":"Server started on port 5000","timestamp":"2025-10-19T21:13:02.379Z"}
{"level":"info","message":"Server started on port 5000","timestamp":"2025-10-19T21:14:22.061Z"}
{"level":"info","message":"Server started on port 5000","timestamp":"2025-10-19T21:15:27.969Z"}
{"level":"error","message":"No token provided. Please login.","method":"GET","stack":"Error: No token provided. Please login.\n    at C:\\Users\\nitia\\Desktop\\hms-backend\\src\\middleware\\auth.middleware.js:9:11\n    at C:\\Users\\nitia\\Desktop\\hms-backend\\src\\middleware\\error.middleware.js:15:5\n    at Layer.handleRequest (C:\\Users\\nitia\\Desktop\\hms-backend\\node_modules\\router\\lib\\layer.js:152:17)\n    at next (C:\\Users\\nitia\\Desktop\\hms-backend\\node_modules\\router\\lib\\route.js:157:13)\n    at Route.dispatch (C:\\Users\\nitia\\Desktop\\hms-backend\\node_modules\\router\\lib\\route.js:117:3)\n    at handle (C:\\Users\\nitia\\Desktop\\hms-backend\\node_modules\\router\\index.js:435:11)\n    at Layer.handleRequest (C:\\Users\\nitia\\Desktop\\hms-backend\\node_modules\\router\\lib\\layer.js:152:17)\n    at C:\\Users\\nitia\\Desktop\\hms-backend\\node_modules\\router\\index.js:295:15\n    at processParams (C:\\Users\\nitia\\Desktop\\hms-backend\\node_modules\\router\\index.js:582:12)\n    at next (C:\\Users\\nitia\\Desktop\\hms-backend\\node_modules\\router\\index.js:291:5)","timestamp":"2025-10-19T21:18:49.378Z","url":"/api/auth/me"}
{"level":"error","message":"Complaint validation failed: hostelId: Path `hostelId` is required.","method":"POST","stack":"ValidationError: Complaint validation failed: hostelId: Path `hostelId` is required.\n    at Document.invalidate (C:\\Users\\nitia\\Desktop\\hms-backend\\node_modules\\mongoose\\lib\\document.js:3362:32)\n    at C:\\Users\\nitia\\Desktop\\hms-backend\\node_modules\\mongoose\\lib\\document.js:3123:17\n    at C:\\Users\\nitia\\Desktop\\hms-backend\\node_modules\\mongoose\\lib\\schemaType.js:1417:9\n    at process.processTicksAndRejections (node:internal/process/task_queues:85:11)","timestamp":"2025-10-19T21:20:52.162Z","url":"/api/student/complaints"}
{"http_code":401,"level":"error","message":"Unhandled Rejection: Unknown API key your_api_key","name":"Error","timestamp":"2025-10-19T21:22:11.083Z"}
{"level":"error","message":"File upload failed: Unknown API key your_api_key","method":"POST","stack":"Error: File upload failed: Unknown API key your_api_key\n    at uploadFile (C:\\Users\\nitia\\Desktop\\hms-backend\\src\\services\\uploadService.js:18:11)\n    at process.processTicksAndRejections (node:internal/process/task_queues:105:5)\n    at async C:\\Users\\nitia\\Desktop\\hms-backend\\src\\routes\\common.routes.js:16:18","timestamp":"2025-10-19T21:22:11.105Z","url":"/api/upload/image"}
{"level":"info","message":"Server started on port 5000","timestamp":"2025-10-19T21:25:22.166Z"}
{"level":"info","message":"Server started on port 5000","timestamp":"2025-10-19T21:26:15.445Z"}
{"level":"info","message":"Server started on port 5000","timestamp":"2025-10-19T21:26:44.362Z"}
{"level":"info","message":"Server started on port 5000","timestamp":"2025-10-19T21:27:24.217Z"}
{"level":"info","message":"Server started on port 5000","timestamp":"2025-10-19T21:28:06.190Z"}
{"level":"info","message":"Server started on port 5000","timestamp":"2025-10-19T21:28:15.759Z"}
{"level":"info","message":"Server started on port 5000","timestamp":"2025-10-19T21:28:23.486Z"}
{"level":"info","message":"Server started on port 5000","timestamp":"2025-10-19T21:28:24.672Z"}
{"level":"info","message":"Server started on port 5000","timestamp":"2025-10-19T21:32:47.191Z"}
{"level":"info","message":"Server started on port 5000","timestamp":"2025-10-19T21:33:07.657Z"}
{"level":"info","message":"Server started on port 5000","timestamp":"2025-10-19T21:33:14.399Z"}
{"level":"info","message":"Server started on port 5000","timestamp":"2025-10-19T21:33:17.950Z"}
{"level":"info","message":"Server started on port 5000","timestamp":"2025-10-19T21:33:21.821Z"}
{"level":"info","message":"Server started on port 5000","timestamp":"2025-10-19T21:33:52.448Z"}
{"level":"info","message":"Server started on port 5000","timestamp":"2025-10-19T21:33:57.822Z"}
{"level":"info","message":"Server started on port 5000","timestamp":"2025-10-19T21:37:34.769Z"}
{"level":"info","message":"Server started on port 5000","timestamp":"2025-10-19T21:39:47.051Z"}
{"level":"info","message":"Server started on port 5000","timestamp":"2025-10-19T21:39:55.979Z"}
{"level":"info","message":"Server started on port 5000","timestamp":"2025-10-19T21:40:11.662Z"}
{"level":"info","message":"Server started on port 5000","timestamp":"2025-10-19T21:40:19.084Z"}
{"level":"info","message":"Server started on port 5000","timestamp":"2025-10-19T21:41:03.501Z"}
{"level":"info","message":"Server started on port 5000","timestamp":"2025-10-19T21:41:44.685Z"}
{"level":"info","message":"Server started on port 5000","timestamp":"2025-10-19T21:46:15.112Z"}
{"level":"info","message":"Server started on port 5000","timestamp":"2025-10-19T21:47:47.308Z"}
{"level":"info","message":"Server started on port 5000","timestamp":"2025-10-19T21:47:58.449Z"}
{"level":"info","message":"Server started on port 5000","timestamp":"2025-10-19T21:48:11.387Z"}
{"level":"info","message":"Server started on port 5000","timestamp":"2025-10-19T21:48:25.863Z"}
{"level":"info","message":"Server started on port 5000","timestamp":"2025-10-19T21:48:38.677Z"}
{"level":"info","message":"Server started on port 5000","timestamp":"2025-10-19T21:48:53.447Z"}
{"level":"info","message":"Server started on port 5000","timestamp":"2025-10-19T21:49:08.571Z"}
{"level":"info","message":"Server started on port 5000","timestamp":"2025-10-19T21:49:23.308Z"}
{"level":"info","message":"Server started on port 5000","timestamp":"2025-10-19T21:49:36.408Z"}
{"level":"info","message":"Server started on port 5000","timestamp":"2025-10-19T21:49:50.860Z"}
{"level":"info","message":"Server started on port 5000","timestamp":"2025-10-19T21:50:05.720Z"}
{"level":"info","message":"Server started on port 5000","timestamp":"2025-10-19T21:50:22.455Z"}
{"level":"info","message":"Server started on port 5000","timestamp":"2025-10-19T21:50:36.604Z"}
{"level":"info","message":"Server started on port 5000","timestamp":"2025-10-19T21:50:52.704Z"}
{"level":"info","message":"Server started on port 5000","timestamp":"2025-10-19T21:51:06.310Z"}
{"level":"info","message":"Server started on port 5000","timestamp":"2025-10-19T21:51:22.139Z"}
{"level":"info","message":"Server started on port 5000","timestamp":"2025-10-19T21:51:37.562Z"}
{"level":"info","message":"Server started on port 5000","timestamp":"2025-10-19T21:51:52.610Z"}
{"level":"info","message":"Server started on port 5000","timestamp":"2025-10-19T21:52:08.073Z"}
{"level":"info","message":"Server started on port 5000","timestamp":"2025-10-19T21:52:25.261Z"}
{"level":"info","message":"Server started on port 5000","timestamp":"2025-10-19T21:52:44.546Z"}
{"level":"info","message":"Server started on port 5000","timestamp":"2025-10-19T21:53:02.393Z"}
{"level":"info","message":"Server started on port 5000","timestamp":"2025-10-19T21:53:18.252Z"}
{"level":"info","message":"Server started on port 5000","timestamp":"2025-10-19T21:53:33.046Z"}
{"level":"info","message":"Server started on port 5000","timestamp":"2025-10-19T21:53:46.423Z"}
{"level":"error","message":"Complaint validation failed: hostelId: Path `hostelId` is required.","method":"POST","stack":"ValidationError: Complaint validation failed: hostelId: Path `hostelId` is required.\n    at Document.invalidate (C:\\Users\\nitia\\Desktop\\hms-backend\\node_modules\\mongoose\\lib\\document.js:3362:32)\n    at C:\\Users\\nitia\\Desktop\\hms-backend\\node_modules\\mongoose\\lib\\document.js:3123:17\n    at C:\\Users\\nitia\\Desktop\\hms-backend\\node_modules\\mongoose\\lib\\schemaType.js:1417:9\n    at process.processTicksAndRejections (node:internal/process/task_queues:85:11)","timestamp":"2025-10-19T21:58:04.485Z","url":"/api/student/complaints"}
{"level":"error","message":"You do not have permission to access this resource","method":"GET","stack":"Error: You do not have permission to access this resource\n    at C:\\Users\\nitia\\Desktop\\hms-backend\\src\\middleware\\auth.middleware.js:36:13\n    at Layer.handleRequest (C:\\Users\\nitia\\Desktop\\hms-backend\\node_modules\\router\\lib\\layer.js:152:17)\n    at trimPrefix (C:\\Users\\nitia\\Desktop\\hms-backend\\node_modules\\router\\index.js:342:13)\n    at C:\\Users\\nitia\\Desktop\\hms-backend\\node_modules\\router\\index.js:297:9\n    at processParams (C:\\Users\\nitia\\Desktop\\hms-backend\\node_modules\\router\\index.js:582:12)\n    at next (C:\\Users\\nitia\\Desktop\\hms-backend\\node_modules\\router\\index.js:291:5)\n    at C:\\Users\\nitia\\Desktop\\hms-backend\\src\\middleware\\auth.middleware.js:24:3\n    at process.processTicksAndRejections (node:internal/process/task_queues:105:5)","timestamp":"2025-10-19T21:58:44.623Z","url":"/api/admin/dashboard"}
{"level":"info","message":"Server started on port 5000","timestamp":"2025-10-19T22:01:08.698Z"}
{"level":"error","message":"Hostel validation failed: wardenId: Cast to ObjectId failed for value \"warden_user_id\" (type string) at path \"wardenId\" because of \"BSONError\"","method":"POST","stack":"ValidationError: Hostel validation failed: wardenId: Cast to ObjectId failed for value \"warden_user_id\" (type string) at path \"wardenId\" because of \"BSONError\"\n    at Document.invalidate (C:\\Users\\nitia\\Desktop\\hms-backend\\node_modules\\mongoose\\lib\\document.js:3362:32)\n    at model.$set (C:\\Users\\nitia\\Desktop\\hms-backend\\node_modules\\mongoose\\lib\\document.js:1484:12)\n    at model.$set (C:\\Users\\nitia\\Desktop\\hms-backend\\node_modules\\mongoose\\lib\\document.js:1136:16)\n    at model.Document (C:\\Users\\nitia\\Desktop\\hms-backend\\node_modules\\mongoose\\lib\\document.js:178:12)\n    at model.Model (C:\\Users\\nitia\\Desktop\\hms-backend\\node_modules\\mongoose\\lib\\model.js:127:12)\n    at new model (C:\\Users\\nitia\\Desktop\\hms-backend\\node_modules\\mongoose\\lib\\model.js:4845:15)\n    at C:\\Users\\nitia\\Desktop\\hms-backend\\node_modules\\mongoose\\lib\\model.js:2775:20\n    at Array.map (<anonymous>)\n    at Function.create (C:\\Users\\nitia\\Desktop\\hms-backend\\node_modules\\mongoose\\lib\\model.js:2763:34)\n    at exports.createHostel (C:\\Users\\nitia\\Desktop\\hms-backend\\src\\controllers\\adminController.js:161:33)","timestamp":"2025-10-19T22:03:12.049Z","url":"/api/admin/hostels"}
{"level":"info","message":"Server started on port 5000","timestamp":"2025-10-19T22:13:06.846Z"}
{"level":"info","message":"Server started on port 5000","timestamp":"2025-10-19T22:24:40.385Z"}
{"level":"error","message":"E11000 duplicate key error collection: hms.students index: studentId_1 dup key: { studentId: \"BT22CS006\" }","method":"POST","stack":"MongoServerError: E11000 duplicate key error collection: hms.students index: studentId_1 dup key: { studentId: \"BT22CS006\" }\n    at InsertOneOperation.handleOk (C:\\Users\\nitia\\Desktop\\hms-backend\\node_modules\\mongodb\\lib\\operations\\insert.js:51:19)\n    at tryOperation (C:\\Users\\nitia\\Desktop\\hms-backend\\node_modules\\mongodb\\lib\\operations\\execute_operation.js:214:34)\n    at process.processTicksAndRejections (node:internal/process/task_queues:105:5)\n    at async executeOperation (C:\\Users\\nitia\\Desktop\\hms-backend\\node_modules\\mongodb\\lib\\operations\\execute_operation.js:78:16)\n    at async Collection.insertOne (C:\\Users\\nitia\\Desktop\\hms-backend\\node_modules\\mongodb\\lib\\collection.js:154:16)","timestamp":"2025-10-19T22:25:03.989Z","url":"/api/auth/register"}
{"level":"info","message":"Server started on port 5000","timestamp":"2025-10-19T22:25:46.984Z"}
{"level":"info","message":"Server started on port 5000","timestamp":"2025-10-19T22:27:40.983Z"}
{"level":"info","message":"Server started on port 5000","timestamp":"2025-10-19T22:27:46.552Z"}
{"level":"info","message":"Server started on port 5000","timestamp":"2025-10-19T22:27:49.695Z"}
{"level":"info","message":"Server started on port 5000","timestamp":"2025-10-19T22:29:18.797Z"}
{"level":"info","message":"Server started on port 5000","timestamp":"2025-10-19T22:30:48.682Z"}
{"level":"info","message":"Server started on port 5000","timestamp":"2025-10-19T22:30:56.484Z"}
{"level":"info","message":"Server started on port 5000","timestamp":"2025-10-19T22:31:34.203Z"}
{"level":"info","message":"Server started on port 5000","timestamp":"2025-10-19T22:38:01.329Z"}
{"level":"info","message":"Server started on port 5000","timestamp":"2025-10-19T22:38:02.218Z"}
{"level":"info","message":"Server started on port 5000","timestamp":"2025-10-19T22:38:18.316Z"}
{"level":"error","message":"Only students can register. Other users must be created by admin.","method":"POST","stack":"Error: Only students can register. Other users must be created by admin.\n    at C:\\Users\\nitia\\Desktop\\hms-backend\\src\\controllers\\authController.js:20:11\n    at C:\\Users\\nitia\\Desktop\\hms-backend\\src\\middleware\\error.middleware.js:15:5\n    at Layer.handleRequest (C:\\Users\\nitia\\Desktop\\hms-backend\\node_modules\\router\\lib\\layer.js:152:17)\n    at next (C:\\Users\\nitia\\Desktop\\hms-backend\\node_modules\\router\\lib\\route.js:157:13)\n    at C:\\Users\\nitia\\Desktop\\hms-backend\\src\\middleware\\validation.middleware.js:21:5\n    at Layer.handleRequest (C:\\Users\\nitia\\Desktop\\hms-backend\\node_modules\\router\\lib\\layer.js:152:17)\n    at next (C:\\Users\\nitia\\Desktop\\hms-backend\\node_modules\\router\\lib\\route.js:157:13)\n    at Route.dispatch (C:\\Users\\nitia\\Desktop\\hms-backend\\node_modules\\router\\lib\\route.js:117:3)\n    at handle (C:\\Users\\nitia\\Desktop\\hms-backend\\node_modules\\router\\index.js:435:11)\n    at Layer.handleRequest (C:\\Users\\nitia\\Desktop\\hms-backend\\node_modules\\router\\lib\\layer.js:152:17)","timestamp":"2025-10-19T22:39:33.295Z","url":"/api/auth/register"}
{"level":"error","message":"Only students can register. Other users must be created by admin.","method":"POST","stack":"Error: Only students can register. Other users must be created by admin.\n    at C:\\Users\\nitia\\Desktop\\hms-backend\\src\\controllers\\authController.js:20:11\n    at C:\\Users\\nitia\\Desktop\\hms-backend\\src\\middleware\\error.middleware.js:15:5\n    at Layer.handleRequest (C:\\Users\\nitia\\Desktop\\hms-backend\\node_modules\\router\\lib\\layer.js:152:17)\n    at next (C:\\Users\\nitia\\Desktop\\hms-backend\\node_modules\\router\\lib\\route.js:157:13)\n    at C:\\Users\\nitia\\Desktop\\hms-backend\\src\\middleware\\validation.middleware.js:21:5\n    at Layer.handleRequest (C:\\Users\\nitia\\Desktop\\hms-backend\\node_modules\\router\\lib\\layer.js:152:17)\n    at next (C:\\Users\\nitia\\Desktop\\hms-backend\\node_modules\\router\\lib\\route.js:157:13)\n    at Route.dispatch (C:\\Users\\nitia\\Desktop\\hms-backend\\node_modules\\router\\lib\\route.js:117:3)\n    at handle (C:\\Users\\nitia\\Desktop\\hms-backend\\node_modules\\router\\index.js:435:11)\n    at Layer.handleRequest (C:\\Users\\nitia\\Desktop\\hms-backend\\node_modules\\router\\lib\\layer.js:152:17)","timestamp":"2025-10-19T22:39:58.387Z","url":"/api/auth/register"}
{"level":"error","message":"You do not have permission to access this resource","method":"POST","stack":"Error: You do not have permission to access this resource\n    at C:\\Users\\nitia\\Desktop\\hms-backend\\src\\middleware\\auth.middleware.js:36:13\n    at Layer.handleRequest (C:\\Users\\nitia\\Desktop\\hms-backend\\node_modules\\router\\lib\\layer.js:152:17)\n    at trimPrefix (C:\\Users\\nitia\\Desktop\\hms-backend\\node_modules\\router\\index.js:342:13)\n    at C:\\Users\\nitia\\Desktop\\hms-backend\\node_modules\\router\\index.js:297:9\n    at processParams (C:\\Users\\nitia\\Desktop\\hms-backend\\node_modules\\router\\index.js:582:12)\n    at next (C:\\Users\\nitia\\Desktop\\hms-backend\\node_modules\\router\\index.js:291:5)\n    at C:\\Users\\nitia\\Desktop\\hms-backend\\src\\middleware\\auth.middleware.js:24:3\n    at process.processTicksAndRejections (node:internal/process/task_queues:105:5)","timestamp":"2025-10-19T22:41:41.537Z","url":"/api/admin/users"}
{"level":"error","message":"Invalid email or password","method":"POST","stack":"Error: Invalid email or password\n    at C:\\Users\\nitia\\Desktop\\hms-backend\\src\\controllers\\authController.js:82:11","timestamp":"2025-10-19T22:42:32.528Z","url":"/api/auth/login"}
{"level":"info","message":"Server started on port 5000","timestamp":"2025-10-19T22:52:59.325Z"}
{"level":"info","message":"Server started on port 5000","timestamp":"2025-10-19T22:53:10.004Z"}
{"level":"info","message":"Server started on port 5000","timestamp":"2025-10-19T22:53:39.267Z"}
{"level":"info","message":"Server started on port 5000","timestamp":"2025-10-19T22:53:54.307Z"}
{"level":"info","message":"Server started on port 5000","timestamp":"2025-10-19T22:54:05.197Z"}
{"level":"info","message":"Server started on port 5000","timestamp":"2025-10-19T22:54:59.154Z"}
{"level":"info","message":"Server started on port 5000","timestamp":"2025-10-19T22:55:08.183Z"}
{"level":"info","message":"Server started on port 5000","timestamp":"2025-10-19T22:57:17.229Z"}
{"level":"info","message":"Server started on port 5000","timestamp":"2025-10-20T09:24:59.297Z"}
{"level":"error","message":"No token provided. Please login.","method":"POST","stack":"Error: No token provided. Please login.\n    at C:\\Users\\nitia\\Desktop\\hms-backend\\src\\middleware\\auth.middleware.js:9:11\n    at C:\\Users\\nitia\\Desktop\\hms-backend\\src\\middleware\\error.middleware.js:15:5\n    at Layer.handleRequest (C:\\Users\\nitia\\Desktop\\hms-backend\\node_modules\\router\\lib\\layer.js:152:17)\n    at trimPrefix (C:\\Users\\nitia\\Desktop\\hms-backend\\node_modules\\router\\index.js:342:13)\n    at C:\\Users\\nitia\\Desktop\\hms-backend\\node_modules\\router\\index.js:297:9\n    at processParams (C:\\Users\\nitia\\Desktop\\hms-backend\\node_modules\\router\\index.js:582:12)\n    at next (C:\\Users\\nitia\\Desktop\\hms-backend\\node_modules\\router\\index.js:291:5)\n    at Function.handle (C:\\Users\\nitia\\Desktop\\hms-backend\\node_modules\\router\\index.js:186:3)\n    at router (C:\\Users\\nitia\\Desktop\\hms-backend\\node_modules\\router\\index.js:60:12)\n    at Layer.handleRequest (C:\\Users\\nitia\\Desktop\\hms-backend\\node_modules\\router\\lib\\layer.js:152:17)","timestamp":"2025-10-20T09:34:10.648Z","url":"/api/users"}
{"level":"info","message":"Server started on port 5000","timestamp":"2025-10-20T09:59:28.839Z"}
{"level":"info","message":"Server started on port 5000","timestamp":"2025-10-20T09:59:35.899Z"}
{"level":"info","message":"Server started on port 5000","timestamp":"2025-10-20T09:59:48.957Z"}
{"level":"info","message":"Server started on port 5000","timestamp":"2025-10-20T09:59:57.508Z"}
{"level":"info","message":"Server started on port 5000","timestamp":"2025-10-20T10:24:36.308Z"}
{"level":"info","message":"Server started on port 5000","timestamp":"2025-10-20T10:30:15.665Z"}
{"level":"info","message":"Server started on port 5000","timestamp":"2025-10-20T10:30:20.468Z"}
{"level":"error","message":"No token provided. Please login.","method":"GET","stack":"Error: No token provided. Please login.\n    at C:\\Users\\nitia\\Desktop\\hms-backend\\src\\middleware\\auth.middleware.js:9:11\n    at C:\\Users\\nitia\\Desktop\\hms-backend\\src\\middleware\\error.middleware.js:15:5\n    at Layer.handleRequest (C:\\Users\\nitia\\Desktop\\hms-backend\\node_modules\\router\\lib\\layer.js:152:17)\n    at trimPrefix (C:\\Users\\nitia\\Desktop\\hms-backend\\node_modules\\router\\index.js:342:13)\n    at C:\\Users\\nitia\\Desktop\\hms-backend\\node_modules\\router\\index.js:297:9\n    at processParams (C:\\Users\\nitia\\Desktop\\hms-backend\\node_modules\\router\\index.js:582:12)\n    at next (C:\\Users\\nitia\\Desktop\\hms-backend\\node_modules\\router\\index.js:291:5)\n    at Function.handle (C:\\Users\\nitia\\Desktop\\hms-backend\\node_modules\\router\\index.js:186:3)\n    at router (C:\\Users\\nitia\\Desktop\\hms-backend\\node_modules\\router\\index.js:60:12)\n    at Layer.handleRequest (C:\\Users\\nitia\\Desktop\\hms-backend\\node_modules\\router\\lib\\layer.js:152:17)","timestamp":"2025-10-20T10:33:55.909Z","url":"/api/%7B%7BbaseUrl%7D%7D/health"}
{"level":"error","message":"No token provided. Please login.","method":"POST","stack":"Error: No token provided. Please login.\n    at C:\\Users\\nitia\\Desktop\\hms-backend\\src\\middleware\\auth.middleware.js:9:11\n    at C:\\Users\\nitia\\Desktop\\hms-backend\\src\\middleware\\error.middleware.js:15:5\n    at Layer.handleRequest (C:\\Users\\nitia\\Desktop\\hms-backend\\node_modules\\router\\lib\\layer.js:152:17)\n    at trimPrefix (C:\\Users\\nitia\\Desktop\\hms-backend\\node_modules\\router\\index.js:342:13)\n    at C:\\Users\\nitia\\Desktop\\hms-backend\\node_modules\\router\\index.js:297:9\n    at processParams (C:\\Users\\nitia\\Desktop\\hms-backend\\node_modules\\router\\index.js:582:12)\n    at next (C:\\Users\\nitia\\Desktop\\hms-backend\\node_modules\\router\\index.js:291:5)\n    at Function.handle (C:\\Users\\nitia\\Desktop\\hms-backend\\node_modules\\router\\index.js:186:3)\n    at router (C:\\Users\\nitia\\Desktop\\hms-backend\\node_modules\\router\\index.js:60:12)\n    at Layer.handleRequest (C:\\Users\\nitia\\Desktop\\hms-backend\\node_modules\\router\\lib\\layer.js:152:17)","timestamp":"2025-10-20T10:34:24.354Z","url":"/api/%7B%7BbaseUrl%7D%7D/auth/register"}
{"level":"info","message":"Server started on port 5000","timestamp":"2025-10-20T10:50:36.975Z"}
{"level":"error","message":"Invalid hostel selected","method":"POST","stack":"Error: Invalid hostel selected\n    at C:\\Users\\nitia\\Desktop\\hms-backend\\src\\controllers\\authController.js:41:13\n    at process.processTicksAndRejections (node:internal/process/task_queues:105:5)","timestamp":"2025-10-20T10:51:27.322Z","url":"/api/auth/register"}
{"level":"error","message":"Invalid email or password","method":"POST","stack":"Error: Invalid email or password\n    at C:\\Users\\nitia\\Desktop\\hms-backend\\src\\controllers\\authController.js:112:11\n    at process.processTicksAndRejections (node:internal/process/task_queues:105:5)","timestamp":"2025-10-20T10:52:02.018Z","url":"/api/auth/login"}
{"level":"info","message":"Server started on port 5000","timestamp":"2025-10-20T10:53:04.528Z"}
{"level":"info","message":"Server started on port 5000","timestamp":"2025-10-20T10:53:09.541Z"}
{"level":"info","message":"Server started on port 5000","timestamp":"2025-10-20T10:53:27.534Z"}
{"level":"info","message":"Server started on port 5000","timestamp":"2025-10-20T10:57:18.476Z"}
{"level":"info","message":"Server started on port 5000","timestamp":"2025-10-20T10:57:32.021Z"}
{"level":"info","message":"Server started on port 5000","timestamp":"2025-10-20T10:57:43.492Z"}
{"level":"info","message":"Server started on port 5000","timestamp":"2025-10-20T11:21:43.901Z"}
{"level":"info","message":"Server started on port 5000","timestamp":"2025-10-20T11:21:52.226Z"}
{"level":"info","message":"Server started on port 5000","timestamp":"2025-10-20T11:22:00.368Z"}
{"level":"info","message":"Server started on port 5000","timestamp":"2025-10-20T11:22:12.963Z"}
{"level":"info","message":"Server started on port 5000","timestamp":"2025-10-20T11:22:24.046Z"}
{"level":"error","message":"E11000 duplicate key error collection: hms.students index: studentId_1 dup key: { studentId: \"2024CS001\" }","method":"POST","stack":"MongoServerError: E11000 duplicate key error collection: hms.students index: studentId_1 dup key: { studentId: \"2024CS001\" }\n    at InsertOneOperation.handleOk (C:\\Users\\nitia\\Desktop\\hms-backend\\node_modules\\mongodb\\lib\\operations\\insert.js:51:19)\n    at tryOperation (C:\\Users\\nitia\\Desktop\\hms-backend\\node_modules\\mongodb\\lib\\operations\\execute_operation.js:214:34)\n    at process.processTicksAndRejections (node:internal/process/task_queues:105:5)\n    at async executeOperation (C:\\Users\\nitia\\Desktop\\hms-backend\\node_modules\\mongodb\\lib\\operations\\execute_operation.js:78:16)\n    at async Collection.insertOne (C:\\Users\\nitia\\Desktop\\hms-backend\\node_modules\\mongodb\\lib\\collection.js:154:16)","timestamp":"2025-10-20T11:37:12.281Z","url":"/api/auth/register"}
{"level":"error","message":"Email already registered","method":"POST","stack":"Error: Email already registered\n    at C:\\Users\\nitia\\Desktop\\hms-backend\\src\\controllers\\authController.js:74:11\n    at process.processTicksAndRejections (node:internal/process/task_queues:105:5)","timestamp":"2025-10-20T11:37:24.090Z","url":"/api/auth/register"}
{"level":"info","message":"Server started on port 5000","timestamp":"2025-10-20T11:42:59.775Z"}
{"level":"error","message":"User not found","method":"GET","stack":"Error: User not found\n    at C:\\Users\\nitia\\Desktop\\hms-backend\\src\\middleware\\auth.middleware.js:16:11\n    at process.processTicksAndRejections (node:internal/process/task_queues:105:5)","timestamp":"2025-10-20T11:45:41.727Z","url":"/api/student/profile"}
{"level":"error","message":"Hostel assignment is required for warden role","method":"POST","stack":"Error: Hostel assignment is required for warden role\n    at exports.createUser (C:\\Users\\nitia\\Desktop\\hms-backend\\src\\controllers\\adminController.js:90:15)\n    at process.processTicksAndRejections (node:internal/process/task_queues:105:5)","timestamp":"2025-10-20T12:39:53.771Z","url":"/api/admin/users"}
{"level":"error","message":"Access denied. Insufficient permissions.","method":"GET","stack":"Error: Access denied. Insufficient permissions.\n    at C:\\Users\\nitia\\Desktop\\hms-backend\\src\\middleware\\role.middleware.js:10:13\n    at Layer.handleRequest (C:\\Users\\nitia\\Desktop\\hms-backend\\node_modules\\router\\lib\\layer.js:152:17)\n    at trimPrefix (C:\\Users\\nitia\\Desktop\\hms-backend\\node_modules\\router\\index.js:342:13)\n    at C:\\Users\\nitia\\Desktop\\hms-backend\\node_modules\\router\\index.js:297:9\n    at processParams (C:\\Users\\nitia\\Desktop\\hms-backend\\node_modules\\router\\index.js:582:12)\n    at next (C:\\Users\\nitia\\Desktop\\hms-backend\\node_modules\\router\\index.js:291:5)\n    at C:\\Users\\nitia\\Desktop\\hms-backend\\src\\middleware\\auth.middleware.js:24:3\n    at process.processTicksAndRejections (node:internal/process/task_queues:105:5)","timestamp":"2025-10-20T13:13:12.630Z","url":"/api/student/dashboard"}
{"level":"error","message":"Invalid email or password","method":"POST","stack":"Error: Invalid email or password\n    at C:\\Users\\nitia\\Desktop\\hms-backend\\src\\controllers\\authController.js:157:11\n    at process.processTicksAndRejections (node:internal/process/task_queues:105:5)","timestamp":"2025-10-20T13:13:24.009Z","url":"/api/auth/login"}
{"level":"info","message":"Server started on port 5000","timestamp":"2025-10-20T13:16:54.263Z"}
